I'm sorry, but errors were detected in your script. Please correct the
errors listed below, and try again.


File "game/transforms.rpy", line 22: expected 'comma or end of line' not found.
    show neutral1
    ^

Ren'Py Version: Ren'Py 7.4.11.2266
Mon Apr 25 23:01:11 2022
